<html>
<body>
<pre>
<h1>µVision Build Log</h1>
<h2>Project:</h2>
C:\Users\Corey\Google Drive\LETU 2017-2018\LETU FA-2017\EETC 4213 (Intro to Microcontrollers)\C Programs\PePo\PePo.uvproj
Project File Date:  09/26/2017

<h2>Output:</h2>
Build target 'PePo'
compiling main.c...
linking...
Program Size: Code=3840 RO-data=96 RW-data=20 ZI-data=1028  
".\PePo.axf" - 0 Error(s), 0 Warning(s).
Load "C:\\Users\\Corey\\Google Drive\\LETU 2017-2018\\LETU FA-2017\\EETC 4213 (Intro to Microcontrollers)\\C Programs\\PePo\\PePo.axf" 
Connecting: Mode=JTAG, Speed=1000000Hz
Erase Done.
Programming Done.
Verify OK.
ng Done.
Verify OK.
        scanf("$lx", &address);
main.c(37): warning:  #225-D: the format string ends before this argument
                        scanf("$lx", &value);
main.c: 3 warnings, 1 error
assembling back.s...
".\PePo.axf" - 1 Error(s), 3 Warning(s).
Target not created
