<html>
<body>
<pre>
<h1>µVision Build Log</h1>
<h2>Project:</h2>
C:\Users\CoreyNaas\Desktop\Lab6_CSN\EETC4213 C Tmp.uvproj
Project File Date:  09/25/2017

<h2>Output:</h2>
Build target 'EETC4213 C Tmp'
compiling main.c...
assembling Count_Types.s...
linking...
Program Size: Code=3784 RO-data=96 RW-data=32 ZI-data=1024  
".\EETC4213 C Tmp.axf" - 0 Error(s), 0 Warning(s).
Load "C:\\Users\\CoreyNaas\\Desktop\\Lab6_CSN\\EETC4213 C Tmp.axf" 
Connecting: Mode=JTAG, Speed=1000000Hz
Erase Done.
Programming Done.
Verify OK.
</pre>
</body>
</html>
